
   ERROR  Command "birthdayCommand" is not defined.  

